Microchip MPLAB XC8 Compiler V2.10 ()

Linker command line:

-W-3 \
  --edf=D:\hk191dhbknam3hk1\e_vi_xu_ly_vi_dieu_khien_\software_needed_for_lab\folder_caidat\Microchip\xc8\v2.10\pic\dat\en_msgs.txt \
  -cs -h+dist/default/production\lab03_a_clock_try01.X.production.sym \
  --cmf=dist/default/production\lab03_a_clock_try01.X.production.cmf -z \
  -Q18F8722 -oC:\Users\ASUS\AppData\Local\Temp\sda0.2 \
  --defsym=__MPLAB_BUILD=1 \
  -Mdist/default/production/lab03_a_clock_try01.X.production.map -E1 \
  -ver=XC8 --acfsm=1493 -ASTACK=060h-0F5Fh -pstack=STACK -ACODE=00h-01FFFFh \
  -ACONST=00h-01FFFFh -ASMALLCONST=01000h-010FFhx496 \
  -AMEDIUMCONST=01000h-0FFFFh,011000h-01FFFFh -ACOMRAM=01h-05Fh \
  -AABS1=00h-0F5Fh -ABIGRAM=01h-0F5Fh \
  -ARAM=060h-0FFh,0100h-01FFhx14,0F00h-0F5Fh -ABANK0=060h-0FFh \
  -ABANK1=0100h-01FFh -ABANK2=0200h-02FFh -ABANK3=0300h-03FFh \
  -ABANK4=0400h-04FFh -ABANK5=0500h-05FFh -ABANK6=0600h-06FFh \
  -ABANK7=0700h-07FFh -ABANK8=0800h-08FFh -ABANK9=0900h-09FFh \
  -ABANK10=0A00h-0AFFh -ABANK11=0B00h-0BFFh -ABANK12=0C00h-0CFFh \
  -ABANK13=0D00h-0DFFh -ABANK14=0E00h-0EFFh -ABANK15=0F00h-0F5Fh \
  -ASFR=0F60h-0FFFh -preset_vec=00h,intcode=08h,intcodelo,powerup,init \
  -pramtop=01000h -psmallconst=SMALLCONST -pmediumconst=MEDIUMCONST \
  -pconst=CONST -AFARRAM=00h-00h -ACONFIG=0300000h-030000Dh -pconfig=CONFIG \
  -AIDLOC=0200000h-0200007h -pidloc=IDLOC -AEEDATA=0F00000h-0F003FFh \
  -peeprom_data=EEDATA \
  -prdata=COMRAM,nvrram=COMRAM,nvbit=COMRAM,rbss=COMRAM,rbit=COMRAM \
  -pfarbss=FARRAM,fardata=FARRAM,nvFARRAM=FARRAM \
  -pintsave_regs=BIGRAM,bigbss=BIGRAM,bigdata=BIGRAM -pbss=RAM \
  -pidata=CODE,irdata=CODE,ibigdata=CODE,ifardata=CODE -prparam=COMRAM \
  C:\Users\ASUS\AppData\Local\Temp\sda0.o \
  dist/default/production\lab03_a_clock_try01.X.production.o 

Object code version is 3.11

Machine type is 18F8722

Call graph: (short form)




                Name                               Link     Load   Length Selector   Space Scale
C:\Users\ASUS\AppData\Local\Temp\sda0.o
                init                                  E        E        4        4       0
                reset_vec                             0        0        4        0       0
                idloc                            200000   200000        8   200000       0
                config                           300000   300000        E   300000       0
dist/default/production\lab03_a_clock_try01.X.production.o
                intcode                               8        8        6        4       0
                temp                                 35       35        1        1       1
                text27                              F82      F82       70        4       0
                text26                             1204     1204       1A        4       0
                text25                             10BE     10BE       66        4       0
                text24                              BBA      BBA       C4        4       0
                text23                              DE6      DE6       B0        4       0
                text22                             1058     1058       66        4       0
                text21                               12       12      774        4       0
                text20                              AEE      AEE       CC        4       0
                text19                              A22      A22       CC        4       0
                text18                              956      956       CC        4       0
                text17                              E96      E96       7C        4       0
                text16                              D36      D36       B0        4       0
                text15                              C7E      C7E       B8        4       0
                text14                              786      786       FE        4       0
                text13                              884      884       D2        4       0
                intcode_body                       1184     1184       30        4       0
                text11                             126C     126C       12        4       0
                text10                              F12      F12       70        4       0
                text9                              11EA     11EA       1A        4       0
                text8                               FF2      FF2       66        4       0
                text7                              11D0     11D0       1A        4       0
                text6                              1124     1124       60        4       0
                text5                              1288     1288        6        4       0
                text4                              127E     127E        A        4       0
                text3                              125A     125A       12        4       0
                text2                              11B4     11B4       1C        4       0
                text1                              1248     1248       12        4       0
                text0                              1234     1234       14        4       0
                cstackCOMRAM                         1F       1F       14        1       1
                bssCOMRAM                             1        1       1E        1       1
                cinit                              121E     121E       16        4       0
                nvCOMRAM                             33       33        2        1       1

TOTAL           Name                               Link     Load   Length     Space
        CLASS   STACK          

        CLASS   CODE           
                intcode                               8        8        6         0
                init                                  E        E        4         0
                reset_vec                             0        0        4         0
                text27                              F82      F82       70         0
                text26                             1204     1204       1A         0
                text25                             10BE     10BE       66         0
                text24                              BBA      BBA       C4         0
                text23                              DE6      DE6       B0         0
                text22                             1058     1058       66         0
                text21                               12       12      774         0
                text20                              AEE      AEE       CC         0
                text19                              A22      A22       CC         0
                text18                              956      956       CC         0
                text17                              E96      E96       7C         0
                text16                              D36      D36       B0         0
                text15                              C7E      C7E       B8         0
                text14                              786      786       FE         0
                text13                              884      884       D2         0
                intcode_body                       1184     1184       30         0
                text11                             126C     126C       12         0
                text10                              F12      F12       70         0
                text9                              11EA     11EA       1A         0
                text8                               FF2      FF2       66         0
                text7                              11D0     11D0       1A         0
                text6                              1124     1124       60         0
                text5                              1288     1288        6         0
                text4                              127E     127E        A         0
                text3                              125A     125A       12         0
                text2                              11B4     11B4       1C         0
                text1                              1248     1248       12         0
                text0                              1234     1234       14         0
                cinit                              121E     121E       16         0

        CLASS   CONST          

        CLASS   SMALLCONST     

        CLASS   MEDIUMCONST    

        CLASS   COMRAM         
                temp                                 35       35        1         1
                cstackCOMRAM                         1F       1F       14         1
                bssCOMRAM                             1        1       1E         1
                nvCOMRAM                             33       33        2         1

        CLASS   ABS1           

        CLASS   BIGRAM         

        CLASS   RAM            

        CLASS   BANK0          

        CLASS   BANK1          

        CLASS   BANK2          

        CLASS   BANK3          

        CLASS   BANK4          

        CLASS   BANK5          

        CLASS   BANK6          

        CLASS   BANK7          

        CLASS   BANK8          

        CLASS   BANK9          

        CLASS   BANK10         

        CLASS   BANK11         

        CLASS   BANK12         

        CLASS   BANK13         

        CLASS   BANK14         

        CLASS   BANK15         

        CLASS   SFR            

        CLASS   FARRAM         

        CLASS   CONFIG         
                config                           300000   300000        E         0

        CLASS   IDLOC          
                idloc                            200000   200000        8         0

        CLASS   EEDATA         



SEGMENTS        Name                           Load    Length   Top    Selector   Space  Class

                reset_vec                      000000  000004  000004         0       0  CODE    
                bssCOMRAM                      000001  000035  000036         1       1  COMRAM  
                intcode                        000008  001286  00128E         4       0  CODE    
                idloc                          200000  000008  200008    200000       0  IDLOC   
                config                         300000  00000E  30000E    300000       0  CONFIG  


UNUSED ADDRESS RANGES

        Name                Unused          Largest block    Delta
        BANK0            000060-0000FF               A0
        BANK1            000100-0001FF              100
        BANK10           000A00-000AFF              100
        BANK11           000B00-000BFF              100
        BANK12           000C00-000CFF              100
        BANK13           000D00-000DFF              100
        BANK14           000E00-000EFF              100
        BANK15           000F00-000F5F               60
        BANK2            000200-0002FF              100
        BANK3            000300-0003FF              100
        BANK4            000400-0004FF              100
        BANK5            000500-0005FF              100
        BANK6            000600-0006FF              100
        BANK7            000700-0007FF              100
        BANK8            000800-0008FF              100
        BANK9            000900-0009FF              100
        BIGRAM           000036-000F5F              F2A
        CODE             000004-000007                4
                         00128E-01FFFF            1ED72
        COMRAM           000036-00005F               2A
        CONST            000004-000007                4
                         00128E-01FFFF            1ED72
        EEDATA           F00000-F003FF              400
        MEDIUMCONST      00128E-00FFFF             ED72
                         011000-01FFFF             F000
        RAM              000060-000F5F              100
        SFR              000F60-000FFF               A0
        SMALLCONST       00128E-01FFFF              100
        STACK            000060-000F5F              F00

                                  Symbol Table

?___awdiv                       cstackCOMRAM 00001F
?___awmod                       cstackCOMRAM 00001F
LCDPutChar@ch                   cstackCOMRAM 000025
LCDPutInst@ch                   cstackCOMRAM 000031
Port_BBSPIInit@port_dir         cstackCOMRAM 00002E
SendByteBBSPI@bitcount          cstackCOMRAM 00002C
SendByteBBSPI@input             cstackCOMRAM 00002D
SendByteBBSPI@output            cstackCOMRAM 00002B
WritePort_BBSPI@a               cstackCOMRAM 00002E
WritePort_BBSPI@port_add        cstackCOMRAM 00002F
_ADCON1                         (abs)        000FC1
_FSM_of_me                      text13       000884
_INTCON2bits                    (abs)        000FF1
_INTCONbits                     (abs)        000FF2
_InitBBSPI                      text11       00126C
_LATAbits                       (abs)        000F89
_LATCbits                       (abs)        000F8B
_LATD                           (abs)        000F8C
_LATFbits                       (abs)        000F8E
_LCDInit                        text6        001124
_LCDPutChar                     text25       0010BE
_LCDPutInst                     text8        000FF2
_MY_FSM                         bssCOMRAM    00000E
_OSCCON                         (abs)        000FD3
_OSCTUNE                        (abs)        000F9B
_PORTAbits                      (abs)        000F80
_PORTBbits                      (abs)        000F81
_Port_BBSPIInit                 text7        0011D0
_RA5flag                        bssCOMRAM    000017
_RB0_press_count                bssCOMRAM    000009
_RB0flag                        bssCOMRAM    000016
_RCONbits                       (abs)        000FD0
_SendByteBBSPI                  text10       000F12
_T0CON                          (abs)        000FD5
_T0CONbits                      (abs)        000FD5
_TMR0                           (abs)        000FD6
_TMR0H                          (abs)        000FD7
_TMR0L                          (abs)        000FD6
_TRISAbits                      (abs)        000F92
_TRISBbits                      (abs)        000F93
_TRISCbits                      (abs)        000F94
_TRISD                          (abs)        000F95
_TRISFbits                      (abs)        000F97
_WritePort_BBSPI                text9        0011EA
__CFG_BOREN$OFF                 (abs)        000000
__CFG_FCMEN$OFF                 (abs)        000000
__CFG_IESO$OFF                  (abs)        000000
__CFG_LVP$OFF                   (abs)        000000
__CFG_MCLRE$ON                  (abs)        000000
__CFG_OSC$HSPLL                 (abs)        000000
__CFG_PWRT$OFF                  (abs)        000000
__CFG_WDT$OFF                   (abs)        000000
__CFG_XINST$OFF                 (abs)        000000
__HRAM                          (abs)        000000
__Habs1                         abs1         000000
__Hbank0                        bank0        000000
__Hbank1                        bank1        000000
__Hbank10                       bank10       000000
__Hbank11                       bank11       000000
__Hbank12                       bank12       000000
__Hbank13                       bank13       000000
__Hbank14                       bank14       000000
__Hbank15                       bank15       000000
__Hbank2                        bank2        000000
__Hbank3                        bank3        000000
__Hbank4                        bank4        000000
__Hbank5                        bank5        000000
__Hbank6                        bank6        000000
__Hbank7                        bank7        000000
__Hbank8                        bank8        000000
__Hbank9                        bank9        000000
__Hbigbss                       bigbss       000000
__Hbigdata                      bigdata      000000
__Hbigram                       bigram       000000
__Hbss                          bss          000000
__HbssCOMRAM                    bssCOMRAM    000000
__Hcinit                        cinit        000000
__Hclrtext                      clrtext      000000
__Hcomram                       comram       000000
__Hconfig                       config       30000E
__Hconst                        const        000000
__HcstackCOMRAM                 cstackCOMRAM 000000
__Hdata                         data         000000
__Heeprom_data                  eeprom_data  000000
__Hfarbss                       farbss       000000
__Hfardata                      fardata      000000
__Hibigdata                     ibigdata     000000
__Hidata                        idata        000000
__Hidloc                        idloc        200008
__Hifardata                     ifardata     000000
__Hinit                         init         000012
__Hintcode                      intcode      00000E
__Hintcode_body                 intcode_body 000000
__Hintcodelo                    intcodelo    00000E
__Hintentry                     intentry     000000
__Hintret                       intret       000000
__Hintsave_regs                 intsave_regs 000000
__Hirdata                       irdata       000000
__Hmediumconst                  mediumconst  000000
__HnvCOMRAM                     nvCOMRAM     000000
__HnvFARRAM                     nvFARRAM     000000
__Hnvbit                        nvbit        000000
__Hnvrram                       nvrram       000000
__Hparam                        rparam       000000
__Hpowerup                      powerup      00000E
__Hram                          ram          000000
__Hramtop                       ramtop       001000
__Hrbit                         rbit         000000
__Hrbss                         rbss         000000
__Hrdata                        rdata        000000
__Hreset_vec                    reset_vec    000004
__Hrparam                       rparam       000000
__Hsfr                          sfr          000000
__Hsmallconst                   smallconst   000000
__Hspace_0                      (abs)        30000E
__Hspace_1                      (abs)        000036
__Hspace_2                      (abs)        000000
__Hstack                        stack        000000
__Hstruct                       struct       000000
__Htemp                         temp         000036
__Htext                         text         000000
__Htext0                        text0        000000
__Htext1                        text1        000000
__Htext10                       text10       000000
__Htext11                       text11       000000
__Htext13                       text13       000000
__Htext14                       text14       000000
__Htext15                       text15       000000
__Htext16                       text16       000000
__Htext17                       text17       000000
__Htext18                       text18       000000
__Htext19                       text19       000000
__Htext2                        text2        000000
__Htext20                       text20       000000
__Htext21                       text21       000000
__Htext22                       text22       000000
__Htext23                       text23       000000
__Htext24                       text24       000000
__Htext25                       text25       000000
__Htext26                       text26       000000
__Htext27                       text27       000000
__Htext3                        text3        000000
__Htext4                        text4        000000
__Htext5                        text5        000000
__Htext6                        text6        000000
__Htext7                        text7        000000
__Htext8                        text8        000000
__Htext9                        text9        000000
__LRAM                          (abs)        000001
__Labs1                         abs1         000000
__Lbank0                        bank0        000000
__Lbank1                        bank1        000000
__Lbank10                       bank10       000000
__Lbank11                       bank11       000000
__Lbank12                       bank12       000000
__Lbank13                       bank13       000000
__Lbank14                       bank14       000000
__Lbank15                       bank15       000000
__Lbank2                        bank2        000000
__Lbank3                        bank3        000000
__Lbank4                        bank4        000000
__Lbank5                        bank5        000000
__Lbank6                        bank6        000000
__Lbank7                        bank7        000000
__Lbank8                        bank8        000000
__Lbank9                        bank9        000000
__Lbigbss                       bigbss       000000
__Lbigdata                      bigdata      000000
__Lbigram                       bigram       000000
__Lbss                          bss          000000
__LbssCOMRAM                    bssCOMRAM    000000
__Lcinit                        cinit        000000
__Lclrtext                      clrtext      000000
__Lcomram                       comram       000000
__Lconfig                       config       300000
__Lconst                        const        000000
__LcstackCOMRAM                 cstackCOMRAM 000000
__Ldata                         data         000000
__Leeprom_data                  eeprom_data  000000
__Lfarbss                       farbss       000000
__Lfardata                      fardata      000000
__Libigdata                     ibigdata     000000
__Lidata                        idata        000000
__Lidloc                        idloc        200000
__Lifardata                     ifardata     000000
__Linit                         init         00000E
__Lintcode                      intcode      000008
__Lintcode_body                 intcode_body 000000
__Lintcodelo                    intcodelo    00000E
__Lintentry                     intentry     000000
__Lintret                       intret       000000
__Lintsave_regs                 intsave_regs 000000
__Lirdata                       irdata       000000
__Lmediumconst                  mediumconst  000000
__LnvCOMRAM                     nvCOMRAM     000000
__LnvFARRAM                     nvFARRAM     000000
__Lnvbit                        nvbit        000000
__Lnvrram                       nvrram       000000
__Lparam                        rparam       000000
__Lpowerup                      powerup      00000E
__Lram                          ram          000000
__Lramtop                       ramtop       001000
__Lrbit                         rbit         000000
__Lrbss                         rbss         000000
__Lrdata                        rdata        000000
__Lreset_vec                    reset_vec    000000
__Lrparam                       rparam       000000
__Lsfr                          sfr          000000
__Lsmallconst                   smallconst   000000
__Lspace_0                      (abs)        000000
__Lspace_1                      (abs)        000000
__Lspace_2                      (abs)        000000
__Lstack                        stack        000000
__Lstruct                       struct       000000
__Ltemp                         temp         000035
__Ltext                         text         000000
__Ltext0                        text0        000000
__Ltext1                        text1        000000
__Ltext10                       text10       000000
__Ltext11                       text11       000000
__Ltext13                       text13       000000
__Ltext14                       text14       000000
__Ltext15                       text15       000000
__Ltext16                       text16       000000
__Ltext17                       text17       000000
__Ltext18                       text18       000000
__Ltext19                       text19       000000
__Ltext2                        text2        000000
__Ltext20                       text20       000000
__Ltext21                       text21       000000
__Ltext22                       text22       000000
__Ltext23                       text23       000000
__Ltext24                       text24       000000
__Ltext25                       text25       000000
__Ltext26                       text26       000000
__Ltext27                       text27       000000
__Ltext3                        text3        000000
__Ltext4                        text4        000000
__Ltext5                        text5        000000
__Ltext6                        text6        000000
__Ltext7                        text7        000000
__Ltext8                        text8        000000
__Ltext9                        text9        000000
__S0                            (abs)        30000E
__S1                            (abs)        000036
__S2                            (abs)        000000
___awdiv                        text24       000BBA
___awdiv@counter                cstackCOMRAM 000023
___awdiv@dividend               cstackCOMRAM 00001F
___awdiv@divisor                cstackCOMRAM 000021
___awdiv@quotient               cstackCOMRAM 000025
___awdiv@sign                   cstackCOMRAM 000024
___awmod                        text23       000DE6
___awmod@counter                cstackCOMRAM 000023
___awmod@dividend               cstackCOMRAM 00001F
___awmod@divisor                cstackCOMRAM 000021
___awmod@sign                   cstackCOMRAM 000024
___extmem_base                  (abs)        020000
___inthi_sp                     stack        000000
___intlo_sp                     stack        000000
___param_bank                   (abs)        000000
___rparam_used                  (abs)        000001
___sp                           stack        000000
__accesstop                     (abs)        000060
__activetblptr                  (abs)        000003
__end_of_FSM_of_me              text13       000956
__end_of_InitBBSPI              text11       00127E
__end_of_LCDInit                text6        001184
__end_of_LCDPutChar             text25       001124
__end_of_LCDPutInst             text8        001058
__end_of_Port_BBSPIInit         text7        0011EA
__end_of_SendByteBBSPI          text10       000F82
__end_of_WritePort_BBSPI        text9        001204
__end_of___awdiv                text24       000C7E
__end_of___awmod                text23       000E96
__end_of__initialization        cinit        00122A
__end_of_display_normal_clock   text21       000786
__end_of_function_interrupt     intcode_body 0011B4
__end_of_interrupt_initialize   text5        00128E
__end_of_main                   text0        001248
__end_of_modify_hour            text20       000BBA
__end_of_modify_min             text19       000AEE
__end_of_modify_sec             text18       000A22
__end_of_normal_clock_run       text17       000F12
__end_of_oscillator_initialize  text4        001288
__end_of_pin_manager            text3        00126C
__end_of_readButton_RA5         text15       000D36
__end_of_return_basic_display   text16       000DE6
__end_of_stopwatch_mode         text14       000884
__end_of_system_initialize      text1        00125A
__end_of_timer_0_initialize     text2        0011D0
__end_ofi2_LCDPutInst           text22       0010BE
__end_ofi2_SendByteBBSPI        text27       000FF2
__end_ofi2_WritePort_BBSPI      text26       00121E
__initialization                cinit        00121E
__mediumconst                   mediumconst  000000
__pbssCOMRAM                    bssCOMRAM    000001
__pcinit                        cinit        00121E
__pcstackCOMRAM                 cstackCOMRAM 00001F
__pintcode                      intcode      000008
__pintcode_body                 intcode_body 001184
__pnvCOMRAM                     nvCOMRAM     000033
__ptext0                        text0        001234
__ptext1                        text1        001248
__ptext10                       text10       000F12
__ptext11                       text11       00126C
__ptext13                       text13       000884
__ptext14                       text14       000786
__ptext15                       text15       000C7E
__ptext16                       text16       000D36
__ptext17                       text17       000E96
__ptext18                       text18       000956
__ptext19                       text19       000A22
__ptext2                        text2        0011B4
__ptext20                       text20       000AEE
__ptext21                       text21       000012
__ptext22                       text22       001058
__ptext23                       text23       000DE6
__ptext24                       text24       000BBA
__ptext25                       text25       0010BE
__ptext26                       text26       001204
__ptext27                       text27       000F82
__ptext3                        text3        00125A
__ptext4                        text4        00127E
__ptext5                        text5        001288
__ptext6                        text6        001124
__ptext7                        text7        0011D0
__ptext8                        text8        000FF2
__ptext9                        text9        0011EA
__ramtop                        ramtop       001000
__size_of_FSM_of_me             (abs)        000000
__size_of_InitBBSPI             (abs)        000000
__size_of_LCDInit               (abs)        000000
__size_of_LCDPutChar            (abs)        000000
__size_of_LCDPutInst            (abs)        000000
__size_of_Port_BBSPIInit        (abs)        000000
__size_of_SendByteBBSPI         (abs)        000000
__size_of_WritePort_BBSPI       (abs)        000000
__size_of___awdiv               (abs)        000000
__size_of___awmod               (abs)        000000
__size_of_display_normal_clock  (abs)        000000
__size_of_function_interrupt    (abs)        000000
__size_of_interrupt_initialize  (abs)        000000
__size_of_main                  (abs)        000000
__size_of_modify_hour           (abs)        000000
__size_of_modify_min            (abs)        000000
__size_of_modify_sec            (abs)        000000
__size_of_normal_clock_run      (abs)        000000
__size_of_oscillator_initialize (abs)        000000
__size_of_pin_manager           (abs)        000000
__size_of_readButton_RA5        (abs)        000000
__size_of_return_basic_display  (abs)        000000
__size_of_stopwatch_mode        (abs)        000000
__size_of_system_initialize     (abs)        000000
__size_of_timer_0_initialize    (abs)        000000
__size_ofi2_LCDPutInst          (abs)        000000
__size_ofi2_SendByteBBSPI       (abs)        000000
__size_ofi2_WritePort_BBSPI     (abs)        000000
__smallconst                    smallconst   000000
_blink_2sec                     bssCOMRAM    000005
_count_1sec                     bssCOMRAM    00000B
_count_1sec_stopwatch           bssCOMRAM    000001
_count_change_time              bssCOMRAM    000007
_current_state                  bssCOMRAM    00000D
_display_normal_clock           text21       000012
_flag_change_normal_hour        bssCOMRAM    00001A
_flag_change_normal_min         bssCOMRAM    000019
_flag_change_normal_min2        bssCOMRAM    000012
_flag_change_normal_sec         bssCOMRAM    000018
_flag_change_normal_sec00_2     bssCOMRAM    000010
_flag_change_normal_sec2        bssCOMRAM    000011
_flag_for_dot_dot               bssCOMRAM    00001B
_function_interrupt             intcode      000008
_hr                             bssCOMRAM    00001E
_interrupt_initialize           text5        001288
_main                           text0        001234
_min                            bssCOMRAM    00001D
_min2                           bssCOMRAM    000015
_modify_hour                    text20       000AEE
_modify_min                     text19       000A22
_modify_sec                     text18       000956
_normal_clock_run               text17       000E96
_number_press                   bssCOMRAM    000003
_oscillator_initialize          text4        00127E
_pin_manager                    text3        00125A
_readButton_RA5                 text15       000C7E
_return_basic_display           text16       000D36
_sec                            bssCOMRAM    00001C
_sec0_01                        bssCOMRAM    000013
_sec2                           bssCOMRAM    000014
_stopwatch_firsttime            bssCOMRAM    00000F
_stopwatch_mode                 text14       000786
_system_initialize              text1        001248
_timer0ReloadVal                nvCOMRAM     000033
_timer_0_initialize             text2        0011B4
btemp                           temp         000035
end_of_initialization           cinit        00122A
i2LCDPutInst@ch                 cstackCOMRAM 000025
i2SendByteBBSPI@bitcount        cstackCOMRAM 000020
i2SendByteBBSPI@input           cstackCOMRAM 000021
i2SendByteBBSPI@output          cstackCOMRAM 00001F
i2WritePort_BBSPI@a             cstackCOMRAM 000022
i2WritePort_BBSPI@port_add      cstackCOMRAM 000023
i2_LCDPutInst                   text22       001058
i2_SendByteBBSPI                text27       000F82
i2_WritePort_BBSPI              text26       001204
int$flags                       temp         000035
int_func                        intcode_body 001184
intlevel0                       text         000000
intlevel1                       text         000000
intlevel2                       text         000000
intlevel3                       text         000000
stackhi                         (abs)        000F5F
stacklo                         (abs)        000060
start                           init         00000E
start_initialization            cinit        00121E
ttemp5                          temp         000036
ttemp6                          temp         000039
ttemp7                          temp         00003D
wtemp8                          temp         000036


FUNCTION INFORMATION:

 *************** function _main *****************
 Defined at:
		line 8 in file "main.c"
 Parameters:    Size  Location     Type
		None
 Auto vars:     Size  Location     Type
		None
 Return value:  Size  Location     Type
                  1    wreg      void 
 Registers used:
		wreg, status,2, status,0, cstack
 Tracked objects:
		On entry : 
		On exit  : 
		Unchanged: 
 Data sizes:     COMRAM   BANK0   BANK1   BANK2   BANK3   BANK4   BANK5   BANK6   BANK7   BANK8   BANK9  BANK10  BANK11  BANK12  BANK13  BANK14  BANK15
      Params:         0       0       0       0       0       0       0       0       0       0       0       0       0       0       0       0       0
      Locals:         0       0       0       0       0       0       0       0       0       0       0       0       0       0       0       0       0
      Temps:          0       0       0       0       0       0       0       0       0       0       0       0       0       0       0       0       0
      Totals:         0       0       0       0       0       0       0       0       0       0       0       0       0       0       0       0       0
Total ram usage:        0 bytes
 Hardware stack levels required when called:   11
 This function calls:
		_LCDInit
		_system_initialize
 This function is called by:
		Startup code after reset
 This function uses a non-reentrant model


 *************** function _system_initialize *****************
 Defined at:
		line 3 in file "setup_basic.c"
 Parameters:    Size  Location     Type
		None
 Auto vars:     Size  Location     Type
		None
 Return value:  Size  Location     Type
                  1    wreg      void 
 Registers used:
		wreg, status,2, cstack
 Tracked objects:
		On entry : 
		On exit  : 
		Unchanged: 
 Data sizes:     COMRAM   BANK0   BANK1   BANK2   BANK3   BANK4   BANK5   BANK6   BANK7   BANK8   BANK9  BANK10  BANK11  BANK12  BANK13  BANK14  BANK15
      Params:         0       0       0       0       0       0       0       0       0       0       0       0       0       0       0       0       0
      Locals:         0       0       0       0       0       0       0       0       0       0       0       0       0       0       0       0       0
      Temps:          0       0       0       0       0       0       0       0       0       0       0       0       0       0       0       0       0
      Totals:         0       0       0       0       0       0       0       0       0       0       0       0       0       0       0       0       0
Total ram usage:        0 bytes
 Hardware stack levels used:    1
 Hardware stack levels required when called:    8
 This function calls:
		_interrupt_initialize
		_oscillator_initialize
		_pin_manager
		_timer_0_initialize
 This function is called by:
		_main
 This function uses a non-reentrant model


 *************** function _timer_0_initialize *****************
 Defined at:
		line 32 in file "setup_basic.c"
 Parameters:    Size  Location     Type
		None
 Auto vars:     Size  Location     Type
		None
 Return value:  Size  Location     Type
                  1    wreg      void 
 Registers used:
		wreg, status,2
 Tracked objects:
		On entry : 
		On exit  : 
		Unchanged: 
 Data sizes:     COMRAM   BANK0   BANK1   BANK2   BANK3   BANK4   BANK5   BANK6   BANK7   BANK8   BANK9  BANK10  BANK11  BANK12  BANK13  BANK14  BANK15
      Params:         0       0       0       0       0       0       0       0       0       0       0       0       0       0       0       0       0
      Locals:         0       0       0       0       0       0       0       0       0       0       0       0       0       0       0       0       0
      Temps:          0       0       0       0       0       0       0       0       0       0       0       0       0       0       0       0       0
      Totals:         0       0       0       0       0       0       0       0       0       0       0       0       0       0       0       0       0
Total ram usage:        0 bytes
 Hardware stack levels used:    1
 Hardware stack levels required when called:    7
 This function calls:
		Nothing
 This function is called by:
		_system_initialize
 This function uses a non-reentrant model


 *************** function _pin_manager *****************
 Defined at:
		line 10 in file "setup_basic.c"
 Parameters:    Size  Location     Type
		None
 Auto vars:     Size  Location     Type
		None
 Return value:  Size  Location     Type
                  1    wreg      void 
 Registers used:
		wreg, status,2
 Tracked objects:
		On entry : 
		On exit  : 
		Unchanged: 
 Data sizes:     COMRAM   BANK0   BANK1   BANK2   BANK3   BANK4   BANK5   BANK6   BANK7   BANK8   BANK9  BANK10  BANK11  BANK12  BANK13  BANK14  BANK15
      Params:         0       0       0       0       0       0       0       0       0       0       0       0       0       0       0       0       0
      Locals:         0       0       0       0       0       0       0       0       0       0       0       0       0       0       0       0       0
      Temps:          0       0       0       0       0       0       0       0       0       0       0       0       0       0       0       0       0
      Totals:         0       0       0       0       0       0       0       0       0       0       0       0       0       0       0       0       0
Total ram usage:        0 bytes
 Hardware stack levels used:    1
 Hardware stack levels required when called:    7
 This function calls:
		Nothing
 This function is called by:
		_system_initialize
 This function uses a non-reentrant model


 *************** function _oscillator_initialize *****************
 Defined at:
		line 20 in file "setup_basic.c"
 Parameters:    Size  Location     Type
		None
 Auto vars:     Size  Location     Type
		None
 Return value:  Size  Location     Type
                  1    wreg      void 
 Registers used:
		wreg, status,2
 Tracked objects:
		On entry : 
		On exit  : 
		Unchanged: 
 Data sizes:     COMRAM   BANK0   BANK1   BANK2   BANK3   BANK4   BANK5   BANK6   BANK7   BANK8   BANK9  BANK10  BANK11  BANK12  BANK13  BANK14  BANK15
      Params:         0       0       0       0       0       0       0       0       0       0       0       0       0       0       0       0       0
      Locals:         0       0       0       0       0       0       0       0       0       0       0       0       0       0       0       0       0
      Temps:          0       0       0       0       0       0       0       0       0       0       0       0       0       0       0       0       0
      Totals:         0       0       0       0       0       0       0       0       0       0       0       0       0       0       0       0       0
Total ram usage:        0 bytes
 Hardware stack levels used:    1
 Hardware stack levels required when called:    7
 This function calls:
		Nothing
 This function is called by:
		_system_initialize
 This function uses a non-reentrant model


 *************** function _interrupt_initialize *****************
 Defined at:
		line 25 in file "setup_basic.c"
 Parameters:    Size  Location     Type
		None
 Auto vars:     Size  Location     Type
		None
 Return value:  Size  Location     Type
                  1    wreg      void 
 Registers used:
		None
 Tracked objects:
		On entry : 
		On exit  : 
		Unchanged: 
 Data sizes:     COMRAM   BANK0   BANK1   BANK2   BANK3   BANK4   BANK5   BANK6   BANK7   BANK8   BANK9  BANK10  BANK11  BANK12  BANK13  BANK14  BANK15
      Params:         0       0       0       0       0       0       0       0       0       0       0       0       0       0       0       0       0
      Locals:         0       0       0       0       0       0       0       0       0       0       0       0       0       0       0       0       0
      Temps:          0       0       0       0       0       0       0       0       0       0       0       0       0       0       0       0       0
      Totals:         0       0       0       0       0       0       0       0       0       0       0       0       0       0       0       0       0
Total ram usage:        0 bytes
 Hardware stack levels used:    1
 Hardware stack levels required when called:    7
 This function calls:
		Nothing
 This function is called by:
		_system_initialize
 This function uses a non-reentrant model


 *************** function _LCDInit *****************
 Defined at:
		line 3 in file "solution_lab03.c"
 Parameters:    Size  Location     Type
		None
 Auto vars:     Size  Location     Type
		None
 Return value:  Size  Location     Type
                  1    wreg      void 
 Registers used:
		wreg, status,2, status,0, cstack
 Tracked objects:
		On entry : 
		On exit  : 
		Unchanged: 
 Data sizes:     COMRAM   BANK0   BANK1   BANK2   BANK3   BANK4   BANK5   BANK6   BANK7   BANK8   BANK9  BANK10  BANK11  BANK12  BANK13  BANK14  BANK15
      Params:         0       0       0       0       0       0       0       0       0       0       0       0       0       0       0       0       0
      Locals:         0       0       0       0       0       0       0       0       0       0       0       0       0       0       0       0       0
      Temps:          1       0       0       0       0       0       0       0       0       0       0       0       0       0       0       0       0
      Totals:         1       0       0       0       0       0       0       0       0       0       0       0       0       0       0       0       0
Total ram usage:        1 bytes
 Hardware stack levels used:    1
 Hardware stack levels required when called:   10
 This function calls:
		_InitBBSPI
		_LCDPutInst
		_Port_BBSPIInit
		_WritePort_BBSPI
 This function is called by:
		_main
 This function uses a non-reentrant model


 *************** function _Port_BBSPIInit *****************
 Defined at:
		line 34 in file "solution_lab03.c"
 Parameters:    Size  Location     Type
  port_dir        1    wreg     unsigned char 
 Auto vars:     Size  Location     Type
  port_dir        1   15[COMRAM] unsigned char 
 Return value:  Size  Location     Type
                  1    wreg      void 
 Registers used:
		wreg, status,2, status,0, cstack
 Tracked objects:
		On entry : 
		On exit  : 
		Unchanged: 
 Data sizes:     COMRAM   BANK0   BANK1   BANK2   BANK3   BANK4   BANK5   BANK6   BANK7   BANK8   BANK9  BANK10  BANK11  BANK12  BANK13  BANK14  BANK15
      Params:         0       0       0       0       0       0       0       0       0       0       0       0       0       0       0       0       0
      Locals:         1       0       0       0       0       0       0       0       0       0       0       0       0       0       0       0       0
      Temps:          0       0       0       0       0       0       0       0       0       0       0       0       0       0       0       0       0
      Totals:         1       0       0       0       0       0       0       0       0       0       0       0       0       0       0       0       0
Total ram usage:        1 bytes
 Hardware stack levels used:    1
 Hardware stack levels required when called:    8
 This function calls:
		_SendByteBBSPI
 This function is called by:
		_LCDInit
 This function uses a non-reentrant model


 *************** function _LCDPutInst *****************
 Defined at:
		line 74 in file "solution_lab03.c"
 Parameters:    Size  Location     Type
  ch              1    wreg     unsigned char 
 Auto vars:     Size  Location     Type
  ch              1   18[COMRAM] unsigned char 
 Return value:  Size  Location     Type
                  1    wreg      void 
 Registers used:
		wreg, status,2, status,0, cstack
 Tracked objects:
		On entry : 
		On exit  : 
		Unchanged: 
 Data sizes:     COMRAM   BANK0   BANK1   BANK2   BANK3   BANK4   BANK5   BANK6   BANK7   BANK8   BANK9  BANK10  BANK11  BANK12  BANK13  BANK14  BANK15
      Params:         0       0       0       0       0       0       0       0       0       0       0       0       0       0       0       0       0
      Locals:         1       0       0       0       0       0       0       0       0       0       0       0       0       0       0       0       0
      Temps:          1       0       0       0       0       0       0       0       0       0       0       0       0       0       0       0       0
      Totals:         2       0       0       0       0       0       0       0       0       0       0       0       0       0       0       0       0
Total ram usage:        2 bytes
 Hardware stack levels used:    1
 Hardware stack levels required when called:    9
 This function calls:
		_WritePort_BBSPI
 This function is called by:
		_LCDInit
 This function uses a non-reentrant model


 *************** function _WritePort_BBSPI *****************
 Defined at:
		line 66 in file "solution_lab03.c"
 Parameters:    Size  Location     Type
  port_add        1    wreg     unsigned char 
  a               1   15[COMRAM] unsigned char 
 Auto vars:     Size  Location     Type
  port_add        1   16[COMRAM] unsigned char 
 Return value:  Size  Location     Type
                  1    wreg      void 
 Registers used:
		wreg, status,2, status,0, cstack
 Tracked objects:
		On entry : 
		On exit  : 
		Unchanged: 
 Data sizes:     COMRAM   BANK0   BANK1   BANK2   BANK3   BANK4   BANK5   BANK6   BANK7   BANK8   BANK9  BANK10  BANK11  BANK12  BANK13  BANK14  BANK15
      Params:         1       0       0       0       0       0       0       0       0       0       0       0       0       0       0       0       0
      Locals:         1       0       0       0       0       0       0       0       0       0       0       0       0       0       0       0       0
      Temps:          0       0       0       0       0       0       0       0       0       0       0       0       0       0       0       0       0
      Totals:         2       0       0       0       0       0       0       0       0       0       0       0       0       0       0       0       0
Total ram usage:        2 bytes
 Hardware stack levels used:    1
 Hardware stack levels required when called:    8
 This function calls:
		_SendByteBBSPI
 This function is called by:
		_LCDInit
		_LCDPutInst
 This function uses a non-reentrant model


 *************** function _SendByteBBSPI *****************
 Defined at:
		line 42 in file "solution_lab03.c"
 Parameters:    Size  Location     Type
  output          1    wreg     unsigned char 
 Auto vars:     Size  Location     Type
  output          1   12[COMRAM] unsigned char 
  input           1   14[COMRAM] unsigned char 
  bitcount        1   13[COMRAM] unsigned char 
 Return value:  Size  Location     Type
                  1    wreg      void 
 Registers used:
		wreg, status,2, status,0
 Tracked objects:
		On entry : 
		On exit  : 
		Unchanged: 
 Data sizes:     COMRAM   BANK0   BANK1   BANK2   BANK3   BANK4   BANK5   BANK6   BANK7   BANK8   BANK9  BANK10  BANK11  BANK12  BANK13  BANK14  BANK15
      Params:         0       0       0       0       0       0       0       0       0       0       0       0       0       0       0       0       0
      Locals:         3       0       0       0       0       0       0       0       0       0       0       0       0       0       0       0       0
      Temps:          0       0       0       0       0       0       0       0       0       0       0       0       0       0       0       0       0
      Totals:         3       0       0       0       0       0       0       0       0       0       0       0       0       0       0       0       0
Total ram usage:        3 bytes
 Hardware stack levels used:    1
 Hardware stack levels required when called:    7
 This function calls:
		Nothing
 This function is called by:
		_Port_BBSPIInit
		_WritePort_BBSPI
 This function uses a non-reentrant model


 *************** function _InitBBSPI *****************
 Defined at:
		line 20 in file "solution_lab03.c"
 Parameters:    Size  Location     Type
		None
 Auto vars:     Size  Location     Type
		None
 Return value:  Size  Location     Type
                  1    wreg      void 
 Registers used:
		None
 Tracked objects:
		On entry : 
		On exit  : 
		Unchanged: 
 Data sizes:     COMRAM   BANK0   BANK1   BANK2   BANK3   BANK4   BANK5   BANK6   BANK7   BANK8   BANK9  BANK10  BANK11  BANK12  BANK13  BANK14  BANK15
      Params:         0       0       0       0       0       0       0       0       0       0       0       0       0       0       0       0       0
      Locals:         0       0       0       0       0       0       0       0       0       0       0       0       0       0       0       0       0
      Temps:          0       0       0       0       0       0       0       0       0       0       0       0       0       0       0       0       0
      Totals:         0       0       0       0       0       0       0       0       0       0       0       0       0       0       0       0       0
Total ram usage:        0 bytes
 Hardware stack levels used:    1
 Hardware stack levels required when called:    7
 This function calls:
		Nothing
 This function is called by:
		_LCDInit
 This function uses a non-reentrant model


 *************** function _function_interrupt *****************
 Defined at:
		line 44 in file "setup_basic.c"
 Parameters:    Size  Location     Type
		None
 Auto vars:     Size  Location     Type
		None
 Return value:  Size  Location     Type
                  1    wreg      void 
 Registers used:
		wreg, status,2, status,0, cstack
 Tracked objects:
		On entry : 
		On exit  : 
		Unchanged: 
 Data sizes:     COMRAM   BANK0   BANK1   BANK2   BANK3   BANK4   BANK5   BANK6   BANK7   BANK8   BANK9  BANK10  BANK11  BANK12  BANK13  BANK14  BANK15
      Params:         0       0       0       0       0       0       0       0       0       0       0       0       0       0       0       0       0
      Locals:         0       0       0       0       0       0       0       0       0       0       0       0       0       0       0       0       0
      Temps:          0       0       0       0       0       0       0       0       0       0       0       0       0       0       0       0       0
      Totals:         0       0       0       0       0       0       0       0       0       0       0       0       0       0       0       0       0
Total ram usage:        0 bytes
 Hardware stack levels used:    1
 Hardware stack levels required when called:    6
 This function calls:
		_FSM_of_me
 This function is called by:
		Interrupt level 2
 This function uses a non-reentrant model


 *************** function _FSM_of_me *****************
 Defined at:
		line 327 in file "solution02_lab03.c"
 Parameters:    Size  Location     Type
		None
 Auto vars:     Size  Location     Type
		None
 Return value:  Size  Location     Type
                  1    wreg      void 
 Registers used:
		wreg, status,2, status,0, cstack
 Tracked objects:
		On entry : 
		On exit  : 
		Unchanged: 
 Data sizes:     COMRAM   BANK0   BANK1   BANK2   BANK3   BANK4   BANK5   BANK6   BANK7   BANK8   BANK9  BANK10  BANK11  BANK12  BANK13  BANK14  BANK15
      Params:         0       0       0       0       0       0       0       0       0       0       0       0       0       0       0       0       0
      Locals:         0       0       0       0       0       0       0       0       0       0       0       0       0       0       0       0       0
      Temps:          2       0       0       0       0       0       0       0       0       0       0       0       0       0       0       0       0
      Totals:         2       0       0       0       0       0       0       0       0       0       0       0       0       0       0       0       0
Total ram usage:        2 bytes
 Hardware stack levels used:    1
 Hardware stack levels required when called:    5
 This function calls:
		_display_normal_clock
		_modify_hour
		_modify_min
		_modify_sec
		_normal_clock_run
		_readButton_RA5
		_stopwatch_mode
 This function is called by:
		_function_interrupt
 This function uses a non-reentrant model


 *************** function _stopwatch_mode *****************
 Defined at:
		line 370 in file "solution02_lab03.c"
 Parameters:    Size  Location     Type
		None
 Auto vars:     Size  Location     Type
		None
 Return value:  Size  Location     Type
                  1    wreg      void 
 Registers used:
		wreg, status,2, status,0
 Tracked objects:
		On entry : 
		On exit  : 
		Unchanged: 
 Data sizes:     COMRAM   BANK0   BANK1   BANK2   BANK3   BANK4   BANK5   BANK6   BANK7   BANK8   BANK9  BANK10  BANK11  BANK12  BANK13  BANK14  BANK15
      Params:         0       0       0       0       0       0       0       0       0       0       0       0       0       0       0       0       0
      Locals:         0       0       0       0       0       0       0       0       0       0       0       0       0       0       0       0       0
      Temps:          0       0       0       0       0       0       0       0       0       0       0       0       0       0       0       0       0
      Totals:         0       0       0       0       0       0       0       0       0       0       0       0       0       0       0       0       0
Total ram usage:        0 bytes
 Hardware stack levels used:    1
 This function calls:
		Nothing
 This function is called by:
		_FSM_of_me
 This function uses a non-reentrant model


 *************** function _readButton_RA5 *****************
 Defined at:
		line 296 in file "solution02_lab03.c"
 Parameters:    Size  Location     Type
		None
 Auto vars:     Size  Location     Type
		None
 Return value:  Size  Location     Type
                  1    wreg      void 
 Registers used:
		wreg, status,2, status,0, cstack
 Tracked objects:
		On entry : 
		On exit  : 
		Unchanged: 
 Data sizes:     COMRAM   BANK0   BANK1   BANK2   BANK3   BANK4   BANK5   BANK6   BANK7   BANK8   BANK9  BANK10  BANK11  BANK12  BANK13  BANK14  BANK15
      Params:         0       0       0       0       0       0       0       0       0       0       0       0       0       0       0       0       0
      Locals:         0       0       0       0       0       0       0       0       0       0       0       0       0       0       0       0       0
      Temps:          0       0       0       0       0       0       0       0       0       0       0       0       0       0       0       0       0
      Totals:         0       0       0       0       0       0       0       0       0       0       0       0       0       0       0       0       0
Total ram usage:        0 bytes
 Hardware stack levels used:    1
 Hardware stack levels required when called:    4
 This function calls:
		_return_basic_display
 This function is called by:
		_FSM_of_me
 This function uses a non-reentrant model


 *************** function _return_basic_display *****************
 Defined at:
		line 188 in file "solution02_lab03.c"
 Parameters:    Size  Location     Type
		None
 Auto vars:     Size  Location     Type
		None
 Return value:  Size  Location     Type
                  1    wreg      void 
 Registers used:
		wreg, status,2, status,0, cstack
 Tracked objects:
		On entry : 
		On exit  : 
		Unchanged: 
 Data sizes:     COMRAM   BANK0   BANK1   BANK2   BANK3   BANK4   BANK5   BANK6   BANK7   BANK8   BANK9  BANK10  BANK11  BANK12  BANK13  BANK14  BANK15
      Params:         0       0       0       0       0       0       0       0       0       0       0       0       0       0       0       0       0
      Locals:         0       0       0       0       0       0       0       0       0       0       0       0       0       0       0       0       0
      Temps:          0       0       0       0       0       0       0       0       0       0       0       0       0       0       0       0       0
      Totals:         0       0       0       0       0       0       0       0       0       0       0       0       0       0       0       0       0
Total ram usage:        0 bytes
 Hardware stack levels used:    1
 Hardware stack levels required when called:    3
 This function calls:
		_LCDPutChar
		___awdiv
		___awmod
		i2_LCDPutInst
 This function is called by:
		_readButton_RA5
 This function uses a non-reentrant model


 *************** function _normal_clock_run *****************
 Defined at:
		line 166 in file "solution02_lab03.c"
 Parameters:    Size  Location     Type
		None
 Auto vars:     Size  Location     Type
		None
 Return value:  Size  Location     Type
                  1    wreg      void 
 Registers used:
		wreg, status,2, status,0
 Tracked objects:
		On entry : 
		On exit  : 
		Unchanged: 
 Data sizes:     COMRAM   BANK0   BANK1   BANK2   BANK3   BANK4   BANK5   BANK6   BANK7   BANK8   BANK9  BANK10  BANK11  BANK12  BANK13  BANK14  BANK15
      Params:         0       0       0       0       0       0       0       0       0       0       0       0       0       0       0       0       0
      Locals:         0       0       0       0       0       0       0       0       0       0       0       0       0       0       0       0       0
      Temps:          0       0       0       0       0       0       0       0       0       0       0       0       0       0       0       0       0
      Totals:         0       0       0       0       0       0       0       0       0       0       0       0       0       0       0       0       0
Total ram usage:        0 bytes
 Hardware stack levels used:    1
 This function calls:
		Nothing
 This function is called by:
		_FSM_of_me
 This function uses a non-reentrant model


 *************** function _modify_sec *****************
 Defined at:
		line 264 in file "solution02_lab03.c"
 Parameters:    Size  Location     Type
		None
 Auto vars:     Size  Location     Type
		None
 Return value:  Size  Location     Type
                  1    wreg      void 
 Registers used:
		wreg, status,2, status,0, cstack
 Tracked objects:
		On entry : 
		On exit  : 
		Unchanged: 
 Data sizes:     COMRAM   BANK0   BANK1   BANK2   BANK3   BANK4   BANK5   BANK6   BANK7   BANK8   BANK9  BANK10  BANK11  BANK12  BANK13  BANK14  BANK15
      Params:         0       0       0       0       0       0       0       0       0       0       0       0       0       0       0       0       0
      Locals:         0       0       0       0       0       0       0       0       0       0       0       0       0       0       0       0       0
      Temps:          0       0       0       0       0       0       0       0       0       0       0       0       0       0       0       0       0
      Totals:         0       0       0       0       0       0       0       0       0       0       0       0       0       0       0       0       0
Total ram usage:        0 bytes
 Hardware stack levels used:    1
 Hardware stack levels required when called:    4
 This function calls:
		_display_normal_clock
 This function is called by:
		_FSM_of_me
 This function uses a non-reentrant model


 *************** function _modify_min *****************
 Defined at:
		line 232 in file "solution02_lab03.c"
 Parameters:    Size  Location     Type
		None
 Auto vars:     Size  Location     Type
		None
 Return value:  Size  Location     Type
                  1    wreg      void 
 Registers used:
		wreg, status,2, status,0, cstack
 Tracked objects:
		On entry : 
		On exit  : 
		Unchanged: 
 Data sizes:     COMRAM   BANK0   BANK1   BANK2   BANK3   BANK4   BANK5   BANK6   BANK7   BANK8   BANK9  BANK10  BANK11  BANK12  BANK13  BANK14  BANK15
      Params:         0       0       0       0       0       0       0       0       0       0       0       0       0       0       0       0       0
      Locals:         0       0       0       0       0       0       0       0       0       0       0       0       0       0       0       0       0
      Temps:          0       0       0       0       0       0       0       0       0       0       0       0       0       0       0       0       0
      Totals:         0       0       0       0       0       0       0       0       0       0       0       0       0       0       0       0       0
Total ram usage:        0 bytes
 Hardware stack levels used:    1
 Hardware stack levels required when called:    4
 This function calls:
		_display_normal_clock
 This function is called by:
		_FSM_of_me
 This function uses a non-reentrant model


 *************** function _modify_hour *****************
 Defined at:
		line 200 in file "solution02_lab03.c"
 Parameters:    Size  Location     Type
		None
 Auto vars:     Size  Location     Type
		None
 Return value:  Size  Location     Type
                  1    wreg      void 
 Registers used:
		wreg, status,2, status,0, cstack
 Tracked objects:
		On entry : 
		On exit  : 
		Unchanged: 
 Data sizes:     COMRAM   BANK0   BANK1   BANK2   BANK3   BANK4   BANK5   BANK6   BANK7   BANK8   BANK9  BANK10  BANK11  BANK12  BANK13  BANK14  BANK15
      Params:         0       0       0       0       0       0       0       0       0       0       0       0       0       0       0       0       0
      Locals:         0       0       0       0       0       0       0       0       0       0       0       0       0       0       0       0       0
      Temps:          0       0       0       0       0       0       0       0       0       0       0       0       0       0       0       0       0
      Totals:         0       0       0       0       0       0       0       0       0       0       0       0       0       0       0       0       0
Total ram usage:        0 bytes
 Hardware stack levels used:    1
 Hardware stack levels required when called:    4
 This function calls:
		_display_normal_clock
 This function is called by:
		_FSM_of_me
 This function uses a non-reentrant model


 *************** function _display_normal_clock *****************
 Defined at:
		line 3 in file "solution02_lab03.c"
 Parameters:    Size  Location     Type
		None
 Auto vars:     Size  Location     Type
		None
 Return value:  Size  Location     Type
                  1    wreg      void 
 Registers used:
		wreg, status,2, status,0, cstack
 Tracked objects:
		On entry : 
		On exit  : 
		Unchanged: 
 Data sizes:     COMRAM   BANK0   BANK1   BANK2   BANK3   BANK4   BANK5   BANK6   BANK7   BANK8   BANK9  BANK10  BANK11  BANK12  BANK13  BANK14  BANK15
      Params:         0       0       0       0       0       0       0       0       0       0       0       0       0       0       0       0       0
      Locals:         0       0       0       0       0       0       0       0       0       0       0       0       0       0       0       0       0
      Temps:          2       0       0       0       0       0       0       0       0       0       0       0       0       0       0       0       0
      Totals:         2       0       0       0       0       0       0       0       0       0       0       0       0       0       0       0       0
Total ram usage:        2 bytes
 Hardware stack levels used:    1
 Hardware stack levels required when called:    3
 This function calls:
		_LCDPutChar
		___awdiv
		___awmod
		i2_LCDPutInst
 This function is called by:
		_modify_hour
		_modify_min
		_modify_sec
		_FSM_of_me
 This function uses a non-reentrant model


 *************** function i2_LCDPutInst *****************
 Defined at:
		line 74 in file "solution_lab03.c"
 Parameters:    Size  Location     Type
  ch              1    wreg     unsigned char 
 Auto vars:     Size  Location     Type
  ch              1    6[COMRAM] unsigned char 
 Return value:  Size  Location     Type
                  1    wreg      void 
 Registers used:
		wreg, status,2, status,0, cstack
 Tracked objects:
		On entry : 
		On exit  : 
		Unchanged: 
 Data sizes:     COMRAM   BANK0   BANK1   BANK2   BANK3   BANK4   BANK5   BANK6   BANK7   BANK8   BANK9  BANK10  BANK11  BANK12  BANK13  BANK14  BANK15
      Params:         0       0       0       0       0       0       0       0       0       0       0       0       0       0       0       0       0
      Locals:         1       0       0       0       0       0       0       0       0       0       0       0       0       0       0       0       0
      Temps:          1       0       0       0       0       0       0       0       0       0       0       0       0       0       0       0       0
      Totals:         2       0       0       0       0       0       0       0       0       0       0       0       0       0       0       0       0
Total ram usage:        2 bytes
 Hardware stack levels used:    1
 Hardware stack levels required when called:    2
 This function calls:
		i2_WritePort_BBSPI
 This function is called by:
		_display_normal_clock
		_return_basic_display
 This function uses a non-reentrant model


 *************** function ___awmod *****************
 Defined at:
		line 7 in file "D:\hk191dhbknam3hk1\e_vi_xu_ly_vi_dieu_khien_\software_needed_for_lab\folder_caidat\Microchip\xc8\v2.10\pic\sources\c99\common\awmod.c"
 Parameters:    Size  Location     Type
  dividend        2    0[COMRAM] int 
  divisor         2    2[COMRAM] int 
 Auto vars:     Size  Location     Type
  sign            1    5[COMRAM] unsigned char 
  counter         1    4[COMRAM] unsigned char 
 Return value:  Size  Location     Type
                  2    0[COMRAM] int 
 Registers used:
		wreg, status,2, status,0
 Tracked objects:
		On entry : 
		On exit  : 
		Unchanged: 
 Data sizes:     COMRAM   BANK0   BANK1   BANK2   BANK3   BANK4   BANK5   BANK6   BANK7   BANK8   BANK9  BANK10  BANK11  BANK12  BANK13  BANK14  BANK15
      Params:         4       0       0       0       0       0       0       0       0       0       0       0       0       0       0       0       0
      Locals:         2       0       0       0       0       0       0       0       0       0       0       0       0       0       0       0       0
      Temps:          0       0       0       0       0       0       0       0       0       0       0       0       0       0       0       0       0
      Totals:         6       0       0       0       0       0       0       0       0       0       0       0       0       0       0       0       0
Total ram usage:        6 bytes
 Hardware stack levels used:    1
 This function calls:
		Nothing
 This function is called by:
		_display_normal_clock
		_return_basic_display
 This function uses a non-reentrant model


 *************** function ___awdiv *****************
 Defined at:
		line 7 in file "D:\hk191dhbknam3hk1\e_vi_xu_ly_vi_dieu_khien_\software_needed_for_lab\folder_caidat\Microchip\xc8\v2.10\pic\sources\c99\common\awdiv.c"
 Parameters:    Size  Location     Type
  dividend        2    0[COMRAM] int 
  divisor         2    2[COMRAM] int 
 Auto vars:     Size  Location     Type
  quotient        2    6[COMRAM] int 
  sign            1    5[COMRAM] unsigned char 
  counter         1    4[COMRAM] unsigned char 
 Return value:  Size  Location     Type
                  2    0[COMRAM] int 
 Registers used:
		wreg, status,2, status,0
 Tracked objects:
		On entry : 
		On exit  : 
		Unchanged: 
 Data sizes:     COMRAM   BANK0   BANK1   BANK2   BANK3   BANK4   BANK5   BANK6   BANK7   BANK8   BANK9  BANK10  BANK11  BANK12  BANK13  BANK14  BANK15
      Params:         4       0       0       0       0       0       0       0       0       0       0       0       0       0       0       0       0
      Locals:         4       0       0       0       0       0       0       0       0       0       0       0       0       0       0       0       0
      Temps:          0       0       0       0       0       0       0       0       0       0       0       0       0       0       0       0       0
      Totals:         8       0       0       0       0       0       0       0       0       0       0       0       0       0       0       0       0
Total ram usage:        8 bytes
 Hardware stack levels used:    1
 This function calls:
		Nothing
 This function is called by:
		_display_normal_clock
		_return_basic_display
 This function uses a non-reentrant model


 *************** function _LCDPutChar *****************
 Defined at:
		line 85 in file "solution_lab03.c"
 Parameters:    Size  Location     Type
  ch              1    wreg     unsigned char 
 Auto vars:     Size  Location     Type
  ch              1    6[COMRAM] unsigned char 
 Return value:  Size  Location     Type
                  1    wreg      void 
 Registers used:
		wreg, status,2, status,0, cstack
 Tracked objects:
		On entry : 
		On exit  : 
		Unchanged: 
 Data sizes:     COMRAM   BANK0   BANK1   BANK2   BANK3   BANK4   BANK5   BANK6   BANK7   BANK8   BANK9  BANK10  BANK11  BANK12  BANK13  BANK14  BANK15
      Params:         0       0       0       0       0       0       0       0       0       0       0       0       0       0       0       0       0
      Locals:         1       0       0       0       0       0       0       0       0       0       0       0       0       0       0       0       0
      Temps:          1       0       0       0       0       0       0       0       0       0       0       0       0       0       0       0       0
      Totals:         2       0       0       0       0       0       0       0       0       0       0       0       0       0       0       0       0
Total ram usage:        2 bytes
 Hardware stack levels used:    1
 Hardware stack levels required when called:    2
 This function calls:
		i2_WritePort_BBSPI
 This function is called by:
		_display_normal_clock
		_return_basic_display
		_LCDPutStr
 This function uses a non-reentrant model


 *************** function i2_WritePort_BBSPI *****************
 Defined at:
		line 66 in file "solution_lab03.c"
 Parameters:    Size  Location     Type
  port_add        1    wreg     unsigned char 
  a               1    3[COMRAM] unsigned char 
 Auto vars:     Size  Location     Type
  port_add        1    4[COMRAM] unsigned char 
 Return value:  Size  Location     Type
                  1    wreg      void 
 Registers used:
		wreg, status,2, status,0, cstack
 Tracked objects:
		On entry : 
		On exit  : 
		Unchanged: 
 Data sizes:     COMRAM   BANK0   BANK1   BANK2   BANK3   BANK4   BANK5   BANK6   BANK7   BANK8   BANK9  BANK10  BANK11  BANK12  BANK13  BANK14  BANK15
      Params:         1       0       0       0       0       0       0       0       0       0       0       0       0       0       0       0       0
      Locals:         1       0       0       0       0       0       0       0       0       0       0       0       0       0       0       0       0
      Temps:          0       0       0       0       0       0       0       0       0       0       0       0       0       0       0       0       0
      Totals:         2       0       0       0       0       0       0       0       0       0       0       0       0       0       0       0       0
Total ram usage:        2 bytes
 Hardware stack levels used:    1
 Hardware stack levels required when called:    1
 This function calls:
		i2_SendByteBBSPI
 This function is called by:
		_LCDPutChar
		i2_LCDPutInst
 This function uses a non-reentrant model


 *************** function i2_SendByteBBSPI *****************
 Defined at:
		line 42 in file "solution_lab03.c"
 Parameters:    Size  Location     Type
  output          1    wreg     unsigned char 
 Auto vars:     Size  Location     Type
  output          1    0[COMRAM] unsigned char 
  SendByteBBSP    1    2[COMRAM] unsigned char 
  SendByteBBSP    1    1[COMRAM] unsigned char 
 Return value:  Size  Location     Type
                  1    wreg      void 
 Registers used:
		wreg, status,2, status,0
 Tracked objects:
		On entry : 
		On exit  : 
		Unchanged: 
 Data sizes:     COMRAM   BANK0   BANK1   BANK2   BANK3   BANK4   BANK5   BANK6   BANK7   BANK8   BANK9  BANK10  BANK11  BANK12  BANK13  BANK14  BANK15
      Params:         0       0       0       0       0       0       0       0       0       0       0       0       0       0       0       0       0
      Locals:         3       0       0       0       0       0       0       0       0       0       0       0       0       0       0       0       0
      Temps:          0       0       0       0       0       0       0       0       0       0       0       0       0       0       0       0       0
      Totals:         3       0       0       0       0       0       0       0       0       0       0       0       0       0       0       0       0
Total ram usage:        3 bytes
 Hardware stack levels used:    1
 This function calls:
		Nothing
 This function is called by:
		i2_WritePort_BBSPI
 This function uses a non-reentrant model



MODULE INFORMATION

Module		Function		Class		Link	Load	Size
setup_basic.c
		_pin_manager   		CODE           	125A	0000	19
		_function_interrupt		CODE           	0008	0000	55
		_system_initialize		CODE           	1248	0000	19
		_oscillator_initialize		CODE           	127E	0000	11
		_timer_0_initialize		CODE           	11B4	0000	29
		_interrupt_initialize		CODE           	1288	0000	7

setup_basic.c estimated size: 140

D:\hk191dhbknam3hk1\e_vi_xu_ly_vi_dieu_khien_\software_needed_for_lab\folder_caidat\Microchip\xc8\v2.10\pic\sources\c99\common\awmod.c
		___awmod       		CODE           	0DE6	0000	177

D:\hk191dhbknam3hk1\e_vi_xu_ly_vi_dieu_khien_\software_needed_for_lab\folder_caidat\Microchip\xc8\v2.10\pic\sources\c99\common\awmod.c estimated size: 177

shared
		i2_SendByteBBSPI		CODE           	0F82	0000	113
		i2_WritePort_BBSPI		CODE           	1204	0000	27
		__initialization		CODE           	121E	0000	13
		i2_LCDPutInst  		CODE           	1058	0000	103

shared estimated size: 256

solution02_lab03.c
		_stopwatch_mode		CODE           	0786	0000	255
		_display_normal_clock		CODE           	0012	0000	1909
		_normal_clock_run		CODE           	0E96	0000	125
		_modify_sec    		CODE           	0956	0000	205
		_modify_min    		CODE           	0A22	0000	205
		_modify_hour   		CODE           	0AEE	0000	205
		_return_basic_display		CODE           	0D36	0000	177
		_FSM_of_me     		CODE           	0884	0000	211
		_readButton_RA5		CODE           	0C7E	0000	185

solution02_lab03.c estimated size: 3477

D:\hk191dhbknam3hk1\e_vi_xu_ly_vi_dieu_khien_\software_needed_for_lab\folder_caidat\Microchip\xc8\v2.10\pic\sources\c99\common\awdiv.c
		___awdiv       		CODE           	0BBA	0000	197

D:\hk191dhbknam3hk1\e_vi_xu_ly_vi_dieu_khien_\software_needed_for_lab\folder_caidat\Microchip\xc8\v2.10\pic\sources\c99\common\awdiv.c estimated size: 197

main.c
		_main          		CODE           	1234	0000	21

main.c estimated size: 21

solution_lab03.c
		_LCDPutChar    		CODE           	10BE	0000	103
		_SendByteBBSPI 		CODE           	0F12	0000	113
		_LCDInit       		CODE           	1124	0000	97
		_LCDPutInst    		CODE           	0FF2	0000	103
		_WritePort_BBSPI		CODE           	11EA	0000	27
		_InitBBSPI     		CODE           	126C	0000	19
		_Port_BBSPIInit		CODE           	11D0	0000	27

solution_lab03.c estimated size: 489

